2026-03-18 22:01:33,847 - INFO - 成功加载 280 条视频数据
2026-03-18 22:01:33,848 - INFO - 正在处理第 1/280 个视频...
2026-03-18 22:01:33,849 - INFO - 正在处理第 50/280 个视频...
2026-03-18 22:01:33,849 - INFO - 正在处理第 100/280 个视频...
2026-03-18 22:01:33,849 - INFO - 正在处理第 150/280 个视频...
2026-03-18 22:01:33,849 - INFO - 正在处理第 200/280 个视频...
2026-03-18 22:01:33,850 - INFO - 正在处理第 250/280 个视频...
2026-03-18 22:01:33,853 - INFO - 成功保存处理后的数据到 data/processed/videos_with_model.json
2026-03-18 22:01:33,854 - INFO - 
=== 型号分布统计 ===
2026-03-18 22:01:33,854 - INFO - unclassified: 135 (48.2%)
2026-03-18 22:01:33,855 - INFO - QIACHIP: 19 (6.8%)
2026-03-18 22:01:33,855 - INFO - DC12V: 14 (5.0%)
2026-03-18 22:01:33,855 - INFO - LED: 14 (5.0%)
2026-03-18 22:01:33,855 - INFO - DIY: 11 (3.9%)
2026-03-18 22:01:33,855 - INFO - APP: 7 (2.5%)
2026-03-18 22:01:33,855 - INFO - RX480E: 6 (2.1%)
2026-03-18 22:01:33,855 - INFO - KR2202: 4 (1.4%)
2026-03-18 22:01:33,855 - INFO - CAME: 4 (1.4%)
2026-03-18 22:01:33,855 - INFO - WIFI: 3 (1.1%)
2026-03-18 22:01:33,855 - INFO - KR1201: 3 (1.1%)
2026-03-18 22:01:33,855 - INFO - KR2302: 3 (1.1%)
2026-03-18 22:01:33,855 - INFO - UNO: 3 (1.1%)
2026-03-18 22:01:33,855 - INFO - TUYA: 3 (1.1%)
2026-03-18 22:01:33,855 - INFO - USB: 2 (0.7%)
2026-03-18 22:01:33,855 - INFO - PCB: 2 (0.7%)
2026-03-18 22:01:33,855 - INFO - CHAPTERS: 2 (0.7%)
2026-03-18 22:01:33,855 - INFO - RODOT: 2 (0.7%)
2026-03-18 22:01:33,855 - INFO - B09GF789Q8: 2 (0.7%)
2026-03-18 22:01:33,855 - INFO - KR2201: 1 (0.4%)
2026-03-18 22:01:33,855 - INFO - FIX: 1 (0.4%)
2026-03-18 22:01:33,855 - INFO - KR2201WB: 1 (0.4%)
2026-03-18 22:01:33,855 - INFO - KR2201B: 1 (0.4%)
2026-03-18 22:01:33,855 - INFO - CR2032: 1 (0.4%)
2026-03-18 22:01:33,855 - INFO - KR3001: 1 (0.4%)
2026-03-18 22:01:33,855 - INFO - USB5V: 1 (0.4%)
2026-03-18 22:01:33,855 - INFO - STOP: 1 (0.4%)
2026-03-18 22:01:33,855 - INFO - GND: 1 (0.4%)
2026-03-18 22:01:33,855 - INFO - E26: 1 (0.4%)
2026-03-18 22:01:33,855 - INFO - DC3V: 1 (0.4%)
2026-03-18 22:01:33,855 - INFO - DC6V: 1 (0.4%)
2026-03-18 22:01:33,855 - INFO - KR0548: 1 (0.4%)
2026-03-18 22:01:33,855 - INFO - KR2402: 1 (0.4%)
2026-03-18 22:01:33,855 - INFO - KT29: 1 (0.4%)
2026-03-18 22:01:33,855 - INFO - B0BG4MKWVH: 1 (0.4%)
2026-03-18 22:01:33,855 - INFO - B0BW99MM8Q: 1 (0.4%)
2026-03-18 22:01:33,855 - INFO - DT03: 1 (0.4%)
2026-03-18 22:01:33,855 - INFO - DT07: 1 (0.4%)
2026-03-18 22:01:33,855 - INFO - FLCW: 1 (0.4%)
2026-03-18 22:01:33,855 - INFO - B09JVKQ9W2: 1 (0.4%)
2026-03-18 22:01:33,855 - INFO - YOUTUBE: 1 (0.4%)
2026-03-18 22:01:33,855 - INFO - B07GJT1D1Z: 1 (0.4%)
2026-03-18 22:01:33,855 - INFO - RF433M: 1 (0.4%)
2026-03-18 22:01:33,855 - INFO - RECEIVER: 1 (0.4%)
2026-03-18 22:01:33,855 - INFO - B09H5QW544: 1 (0.4%)
2026-03-18 22:01:33,855 - INFO - IR433: 1 (0.4%)
2026-03-18 22:01:33,856 - INFO - COOSPIDER: 1 (0.4%)
2026-03-18 22:01:33,856 - INFO - UVC: 1 (0.4%)
2026-03-18 22:01:33,856 - INFO - CDC: 1 (0.4%)
2026-03-18 22:01:33,856 - INFO - EV1527: 1 (0.4%)
2026-03-18 22:01:33,856 - INFO - GPS: 1 (0.4%)
2026-03-18 22:01:33,856 - INFO - AC110V: 1 (0.4%)
2026-03-18 22:01:33,856 - INFO - FREE: 1 (0.4%)
2026-03-18 22:01:33,856 - INFO - GAME: 1 (0.4%)
2026-03-18 22:01:33,856 - INFO - OFF: 1 (0.4%)
2026-03-18 22:01:33,856 - INFO - B08CRGLWH2: 1 (0.4%)
2026-03-18 22:01:33,856 - INFO - ARM: 1 (0.4%)
2026-03-18 22:01:33,856 - INFO - KR1204: 1 (0.4%)
2026-03-18 22:01:33,856 - INFO - HOW: 1 (0.4%)
2026-03-18 22:01:33,856 - INFO - TX118SA: 1 (0.4%)
2026-03-18 22:01:33,856 - INFO - 
未分类视频: 135 (48.2%)
2026-03-18 22:01:56,901 - INFO - 成功加载 280 条视频数据
2026-03-18 22:01:56,901 - INFO - 正在处理第 1/280 个视频...
2026-03-18 22:01:56,903 - INFO - 正在处理第 50/280 个视频...
2026-03-18 22:01:56,903 - INFO - 正在处理第 100/280 个视频...
2026-03-18 22:01:56,903 - INFO - 正在处理第 150/280 个视频...
2026-03-18 22:01:56,903 - INFO - 正在处理第 200/280 个视频...
2026-03-18 22:01:56,904 - INFO - 正在处理第 250/280 个视频...
2026-03-18 22:01:56,908 - INFO - 成功保存处理后的数据到 data/processed/videos_with_model.json
2026-03-19 10:16:30,485 - INFO - 成功加载 280 条视频数据
2026-03-19 10:16:30,485 - INFO - 正在处理第 1/280 个视频...
2026-03-19 10:16:30,489 - INFO - 正在处理第 50/280 个视频...
2026-03-19 10:16:30,490 - INFO - 正在处理第 100/280 个视频...
2026-03-19 10:16:30,490 - INFO - 正在处理第 150/280 个视频...
2026-03-19 10:16:30,492 - INFO - 正在处理第 200/280 个视频...
2026-03-19 10:16:30,495 - INFO - 正在处理第 250/280 个视频...
2026-03-19 10:16:30,500 - INFO - 成功保存处理后的数据到 data/processed/videos_with_model.json
2026-03-19 10:16:35,304 - INFO - 成功加载 280 条视频数据
2026-03-19 10:16:35,304 - INFO - 正在处理第 1/280 个视频...
2026-03-19 10:16:35,309 - INFO - 正在处理第 50/280 个视频...
2026-03-19 10:16:35,309 - INFO - 正在处理第 100/280 个视频...
2026-03-19 10:16:35,310 - INFO - 正在处理第 150/280 个视频...
2026-03-19 10:16:35,311 - INFO - 正在处理第 200/280 个视频...
2026-03-19 10:16:35,313 - INFO - 正在处理第 250/280 个视频...
2026-03-19 10:16:35,319 - INFO - 成功保存处理后的数据到 data/processed/videos_with_model.json
2026-03-19 10:18:58,036 - INFO - 成功加载 280 条视频数据
2026-03-19 10:18:58,036 - INFO - 正在处理第 1/280 个视频...
2026-03-19 10:18:58,040 - INFO - 正在处理第 50/280 个视频...
2026-03-19 10:18:58,040 - INFO - 正在处理第 100/280 个视频...
2026-03-19 10:18:58,041 - INFO - 正在处理第 150/280 个视频...
2026-03-19 10:18:58,043 - INFO - 正在处理第 200/280 个视频...
2026-03-19 10:18:58,046 - INFO - 正在处理第 250/280 个视频...
2026-03-19 10:18:58,052 - INFO - 成功保存处理后的数据到 data/processed/videos_with_model.json
2026-03-19 14:48:21,596 - INFO - 成功加载 280 条视频数据
2026-03-19 14:48:21,596 - INFO - 正在处理第 1/280 个视频...
2026-03-19 14:48:21,600 - INFO - 正在处理第 50/280 个视频...
2026-03-19 14:48:21,600 - INFO - 正在处理第 100/280 个视频...
2026-03-19 14:48:21,601 - INFO - 正在处理第 150/280 个视频...
2026-03-19 14:48:21,602 - INFO - 正在处理第 200/280 个视频...
2026-03-19 14:48:21,605 - INFO - 正在处理第 250/280 个视频...
2026-03-19 14:48:21,611 - INFO - 成功保存处理后的数据到 data/processed/videos_with_model.json
2026-03-19 15:35:58,047 - INFO - 开始处理: 280 个视频, 白名单型号: 44 个
2026-03-19 16:00:02,080 - INFO - 开始分类处理: 280 条视频
2026-03-19 16:33:48,955 - INFO - 开始分类处理: 280 条视频
2026-03-19 16:39:08,931 - INFO - 开始分类处理: 280 条视频
2026-03-20 11:18:51,514 - INFO - 开始分类处理: 280 条视频
2026-03-20 11:56:43,080 - INFO - 开始分类处理: 280 条视频
2026-03-20 13:39:07,818 - INFO - 开始分类处理: 280 条视频
2026-03-20 13:54:45,145 - INFO - 开始分类处理: 280 条视频
2026-03-20 14:45:34,521 - INFO - 开始分类处理: 280 条视频
2026-03-20 14:47:19,206 - INFO - 开始分类处理: 280 条视频
2026-03-20 16:40:43,663 - INFO - 开始分类处理: 280 条视频
2026-03-20 16:41:26,042 - INFO - 开始分类处理: 280 条视频
2026-03-20 17:00:01,494 - INFO - 开始分类处理: 280 条视频
2026-03-20 17:05:58,404 - INFO - 开始分类处理: 280 条视频
2026-03-20 17:39:45,091 - INFO - 开始分类处理: 280 条视频
2026-03-20 23:56:46,623 - INFO - 开始分类处理: 280 条视频
2026-03-21 17:12:32,800 - INFO - 开始分类处理: 280 条视频
2026-03-21 17:55:44,363 - INFO - 开始分类处理: 280 条视频
2026-03-21 18:01:40,496 - INFO - 开始分类处理: 280 条视频
2026-03-21 19:33:02,570 - INFO - 开始分类处理: 280 条视频
2026-03-21 19:40:30,718 - INFO - 开始分类处理: 280 条视频
2026-03-21 20:14:30,966 - INFO - 开始分类处理: 280 条视频
2026-03-21 21:10:29,444 - INFO - 开始分类处理: 280 条视频
