2026-03-18 17:59:37,825 - ERROR - YOUTUBE_API_KEY Œ¥‘⁄ª∑æ≥±‰¡ø÷–’“µΩ
2026-03-18 17:59:37,826 - ERROR - ≥Ã–Ú÷¥–– ß∞‹: «Î…Ë÷√ YOUTUBE_API_KEY ª∑æ≥±‰¡ø
2026-03-18 18:00:06,919 - INFO - file_cache is only supported with oauth2client<4.0.0
2026-03-18 18:00:06,931 - INFO - YouTube ∑˛ŒÒ¥¥Ω®≥…π¶
2026-03-18 18:00:06,931 - INFO - ø™ º◊•»°∆µµ¿ qiachip µƒ ”∆µ...
2026-03-18 18:00:28,192 - ERROR - ◊•»° ”∆µ ±∑¢…˙¥ÌŒÛ: [WinError 10060] ”…”⁄¡¨Ω”∑Ω‘⁄“ª∂Œ ±º‰∫Û√ª”–’˝»∑¥∏¥ªÚ¡¨Ω”µƒ÷˜ª˙√ª”–∑¥”¶£¨¡¨Ω”≥¢ ‘ ß∞‹°£
2026-03-18 18:00:28,192 - ERROR - ≥Ã–Ú÷¥–– ß∞‹: [WinError 10060] ”…”⁄¡¨Ω”∑Ω‘⁄“ª∂Œ ±º‰∫Û√ª”–’˝»∑¥∏¥ªÚ¡¨Ω”µƒ÷˜ª˙√ª”–∑¥”¶£¨¡¨Ω”≥¢ ‘ ß∞‹°£
2026-03-18 21:37:39,283 - INFO - YouTube ∑˛ŒÒ¥¥Ω®≥…π¶
2026-03-18 21:37:40,418 - ERROR - ªÒ»°∆µµ¿ ID  ß∞‹: ’“≤ªµΩ∆µµ¿: qiachip
2026-03-18 21:37:40,422 - ERROR - ≥Ã–Ú÷¥–– ß∞‹: ’“≤ªµΩ∆µµ¿: qiachip
2026-03-18 21:40:35,108 - INFO - YouTube ∑˛ŒÒ¥¥Ω®≥…π¶
2026-03-18 21:40:35,108 - INFO - ø™ º◊•»°∆µµ¿ qiachip µƒ ”∆µ...
2026-03-18 21:40:36,529 - ERROR - ªÒ»°∆µµ¿ ID  ß∞‹: ’“≤ªµΩ∆µµ¿: qiachip
2026-03-18 21:40:36,529 - ERROR - ◊•»° ”∆µ ±∑¢…˙¥ÌŒÛ: ’“≤ªµΩ∆µµ¿: qiachip
2026-03-18 21:40:36,529 - ERROR - ≥Ã–Ú÷¥–– ß∞‹: ’“≤ªµΩ∆µµ¿: qiachip
2026-03-18 21:41:07,306 - INFO - YouTube ∑˛ŒÒ¥¥Ω®≥…π¶
2026-03-18 21:41:07,307 - INFO - ø™ º◊•»°∆µµ¿ UCcv-i14aTz_Od9i04-aN9VQ µƒ ”∆µ...
2026-03-18 21:41:07,814 - ERROR - ªÒ»°∆µµ¿ ID  ß∞‹: [SSL: TLSV1_ALERT_PROTOCOL_VERSION] tlsv1 alert protocol version (_ssl.c:2580)
2026-03-18 21:41:07,814 - ERROR - ◊•»° ”∆µ ±∑¢…˙¥ÌŒÛ: [SSL: TLSV1_ALERT_PROTOCOL_VERSION] tlsv1 alert protocol version (_ssl.c:2580)
2026-03-18 21:41:07,814 - ERROR - ≥Ã–Ú÷¥–– ß∞‹: [SSL: TLSV1_ALERT_PROTOCOL_VERSION] tlsv1 alert protocol version (_ssl.c:2580)
2026-03-18 21:41:46,269 - INFO - YouTube ∑˛ŒÒ¥¥Ω®≥…π¶
2026-03-18 21:41:47,102 - INFO - Õ®π˝ ID ’“µΩ∆µµ¿: UCcv-i14aTz_Od9i04-aN9VQ
2026-03-18 21:41:47,102 - INFO -  π”√∆µµ¿ ID: UCcv-i14aTz_Od9i04-aN9VQ
2026-03-18 21:41:47,102 - INFO - ø™ º◊•»°∆µµ¿ UCcv-i14aTz_Od9i04-aN9VQ µƒ ”∆µ...
2026-03-18 21:41:47,445 - INFO - Õ®π˝ ID ’“µΩ∆µµ¿: UCcv-i14aTz_Od9i04-aN9VQ
2026-03-18 21:41:48,204 - INFO - “—◊•»° 10 ∏ˆ ”∆µ
2026-03-18 21:41:48,204 - INFO - “—◊•»° 20 ∏ˆ ”∆µ
2026-03-18 21:41:48,204 - INFO - “—◊•»° 30 ∏ˆ ”∆µ
2026-03-18 21:41:48,204 - INFO - “—◊•»° 40 ∏ˆ ”∆µ
2026-03-18 21:41:48,204 - INFO - “—◊•»° 50 ∏ˆ ”∆µ
2026-03-18 21:41:48,969 - INFO - “—◊•»° 60 ∏ˆ ”∆µ
2026-03-18 21:41:48,969 - INFO - “—◊•»° 70 ∏ˆ ”∆µ
2026-03-18 21:41:48,969 - INFO - “—◊•»° 80 ∏ˆ ”∆µ
2026-03-18 21:41:48,969 - INFO - “—◊•»° 90 ∏ˆ ”∆µ
2026-03-18 21:41:48,969 - INFO - “—◊•»° 100 ∏ˆ ”∆µ
2026-03-18 21:41:49,676 - INFO - “—◊•»° 110 ∏ˆ ”∆µ
2026-03-18 21:41:49,676 - INFO - “—◊•»° 120 ∏ˆ ”∆µ
2026-03-18 21:41:49,677 - INFO - “—◊•»° 130 ∏ˆ ”∆µ
2026-03-18 21:41:49,677 - INFO - “—◊•»° 140 ∏ˆ ”∆µ
2026-03-18 21:41:49,677 - INFO - “—◊•»° 150 ∏ˆ ”∆µ
2026-03-18 21:41:50,398 - INFO - “—◊•»° 160 ∏ˆ ”∆µ
2026-03-18 21:41:50,398 - INFO - “—◊•»° 170 ∏ˆ ”∆µ
2026-03-18 21:41:50,398 - INFO - “—◊•»° 180 ∏ˆ ”∆µ
2026-03-18 21:41:50,398 - INFO - “—◊•»° 190 ∏ˆ ”∆µ
2026-03-18 21:41:50,398 - INFO - “—◊•»° 200 ∏ˆ ”∆µ
2026-03-18 21:41:51,098 - INFO - “—◊•»° 210 ∏ˆ ”∆µ
2026-03-18 21:41:51,099 - INFO - “—◊•»° 220 ∏ˆ ”∆µ
2026-03-18 21:41:51,099 - INFO - “—◊•»° 230 ∏ˆ ”∆µ
2026-03-18 21:41:51,099 - INFO - “—◊•»° 240 ∏ˆ ”∆µ
2026-03-18 21:41:51,099 - INFO - “—◊•»° 250 ∏ˆ ”∆µ
2026-03-18 21:41:51,804 - INFO - “—◊•»° 260 ∏ˆ ”∆µ
2026-03-18 21:41:51,805 - INFO - “—◊•»° 270 ∏ˆ ”∆µ
2026-03-18 21:41:51,805 - INFO - “—◊•»° 280 ∏ˆ ”∆µ
2026-03-18 21:41:51,805 - INFO - À˘”– ”∆µ◊•»°ÕÍ≥…£¨◊‹π≤ 280 ∏ˆ ”∆µ
2026-03-18 21:41:51,807 - INFO -  ˝æ›“—±£¥ÊµΩ data/raw/raw_videos.json
2026-03-18 21:41:51,807 - INFO - ≥Ã–ÚÕÍ≥…£¨π≤◊•»° 280 ∏ˆ ”∆µ
2026-03-18 21:44:41,399 - INFO - YouTube ÊúçÂä°ÂàõÂª∫ÊàêÂäü
2026-03-18 21:44:42,286 - INFO - ÈÄöËøá ID ÊâæÂà∞È¢ëÈÅì: UCcv-i14aTz_Od9i04-aN9VQ
2026-03-18 21:44:42,286 - INFO - ‰ΩøÁî®È¢ëÈÅì ID: UCcv-i14aTz_Od9i04-aN9VQ
2026-03-18 21:44:42,286 - INFO - ÂºÄÂßãÊäìÂèñÈ¢ëÈÅì UCcv-i14aTz_Od9i04-aN9VQ ÁöÑËßÜÈ¢ë...
2026-03-18 21:44:42,650 - INFO - ÈÄöËøá ID ÊâæÂà∞È¢ëÈÅì: UCcv-i14aTz_Od9i04-aN9VQ
2026-03-18 21:44:43,379 - INFO - Â∑≤ÊäìÂèñ 10 ‰∏™ËßÜÈ¢ë
2026-03-18 21:44:43,380 - INFO - Â∑≤ÊäìÂèñ 20 ‰∏™ËßÜÈ¢ë
2026-03-18 21:44:43,380 - INFO - Â∑≤ÊäìÂèñ 30 ‰∏™ËßÜÈ¢ë
2026-03-18 21:44:43,380 - INFO - Â∑≤ÊäìÂèñ 40 ‰∏™ËßÜÈ¢ë
2026-03-18 21:44:43,385 - INFO - Â∑≤ÊäìÂèñ 50 ‰∏™ËßÜÈ¢ë
2026-03-18 21:44:43,898 - INFO - Â∑≤ÊäìÂèñ 60 ‰∏™ËßÜÈ¢ë
2026-03-18 21:44:43,898 - INFO - Â∑≤ÊäìÂèñ 70 ‰∏™ËßÜÈ¢ë
2026-03-18 21:44:43,898 - INFO - Â∑≤ÊäìÂèñ 80 ‰∏™ËßÜÈ¢ë
2026-03-18 21:44:43,898 - INFO - Â∑≤ÊäìÂèñ 90 ‰∏™ËßÜÈ¢ë
2026-03-18 21:44:43,898 - INFO - Â∑≤ÊäìÂèñ 100 ‰∏™ËßÜÈ¢ë
2026-03-18 21:44:44,443 - INFO - Â∑≤ÊäìÂèñ 110 ‰∏™ËßÜÈ¢ë
2026-03-18 21:44:44,443 - INFO - Â∑≤ÊäìÂèñ 120 ‰∏™ËßÜÈ¢ë
2026-03-18 21:44:44,443 - INFO - Â∑≤ÊäìÂèñ 130 ‰∏™ËßÜÈ¢ë
2026-03-18 21:44:44,443 - INFO - Â∑≤ÊäìÂèñ 140 ‰∏™ËßÜÈ¢ë
2026-03-18 21:44:44,443 - INFO - Â∑≤ÊäìÂèñ 150 ‰∏™ËßÜÈ¢ë
2026-03-18 21:44:45,038 - INFO - Â∑≤ÊäìÂèñ 160 ‰∏™ËßÜÈ¢ë
2026-03-18 21:44:45,038 - INFO - Â∑≤ÊäìÂèñ 170 ‰∏™ËßÜÈ¢ë
2026-03-18 21:44:45,038 - INFO - Â∑≤ÊäìÂèñ 180 ‰∏™ËßÜÈ¢ë
2026-03-18 21:44:45,038 - INFO - Â∑≤ÊäìÂèñ 190 ‰∏™ËßÜÈ¢ë
2026-03-18 21:44:45,039 - INFO - Â∑≤ÊäìÂèñ 200 ‰∏™ËßÜÈ¢ë
2026-03-18 21:44:45,655 - INFO - Â∑≤ÊäìÂèñ 210 ‰∏™ËßÜÈ¢ë
2026-03-18 21:44:45,655 - INFO - Â∑≤ÊäìÂèñ 220 ‰∏™ËßÜÈ¢ë
2026-03-18 21:44:45,655 - INFO - Â∑≤ÊäìÂèñ 230 ‰∏™ËßÜÈ¢ë
2026-03-18 21:44:45,655 - INFO - Â∑≤ÊäìÂèñ 240 ‰∏™ËßÜÈ¢ë
2026-03-18 21:44:45,655 - INFO - Â∑≤ÊäìÂèñ 250 ‰∏™ËßÜÈ¢ë
2026-03-18 21:44:46,176 - INFO - Â∑≤ÊäìÂèñ 260 ‰∏™ËßÜÈ¢ë
2026-03-18 21:44:46,176 - INFO - Â∑≤ÊäìÂèñ 270 ‰∏™ËßÜÈ¢ë
2026-03-18 21:44:46,176 - INFO - Â∑≤ÊäìÂèñ 280 ‰∏™ËßÜÈ¢ë
2026-03-18 21:44:46,176 - INFO - ÊâÄÊúâËßÜÈ¢ëÊäìÂèñÂÆåÊàêÔºåÊÄªÂÖ± 280 ‰∏™ËßÜÈ¢ë
2026-03-18 21:44:46,179 - INFO - Êï∞ÊçÆÂ∑≤‰øùÂ≠òÂà∞ data/raw/raw_videos.json
2026-03-18 21:44:46,179 - INFO - Á®ãÂ∫èÂÆåÊàêÔºåÂÖ±ÊäìÂèñ 280 ‰∏™ËßÜÈ¢ë
2026-03-18 21:51:55,175 - INFO - YouTube ÊúçÂä°ÂàõÂª∫ÊàêÂäü
2026-03-18 21:51:56,282 - INFO - ÈÄöËøá ID ÊâæÂà∞È¢ëÈÅì: UCcv-i14aTz_Od9i04-aN9VQ
2026-03-18 21:51:56,282 - INFO - ‰ΩøÁî®È¢ëÈÅì ID: UCcv-i14aTz_Od9i04-aN9VQ
2026-03-18 21:51:56,282 - INFO - ÂºÄÂßãÂàÜÊ≠•Ëé∑ÂèñÈ¢ëÈÅì UCcv-i14aTz_Od9i04-aN9VQ ÁöÑËßÜÈ¢ë...
2026-03-18 21:51:56,601 - INFO - ÈÄöËøá ID ÊâæÂà∞È¢ëÈÅì: UCcv-i14aTz_Od9i04-aN9VQ
2026-03-18 21:51:56,601 - INFO - ‰ΩøÁî®È¢ëÈÅì ID: UCcv-i14aTz_Od9i04-aN9VQ
2026-03-18 21:51:56,601 - INFO - Ê≠•È™§1ÔºöËé∑ÂèñÈ¢ëÈÅìÁöÑ‰∏ä‰º†ÂàóË°® ID...
2026-03-18 21:51:56,742 - INFO - ÊâæÂà∞‰∏ä‰º†ÂàóË°® ID: UUcv-i14aTz_Od9i04-aN9VQ
2026-03-18 21:51:57,198 - INFO - Â∑≤Ëé∑Âèñ 50 ‰∏™ËßÜÈ¢ë ID
2026-03-18 21:51:57,515 - INFO - Â∑≤Ëé∑Âèñ 100 ‰∏™ËßÜÈ¢ë ID
2026-03-18 21:51:57,894 - INFO - Â∑≤Ëé∑Âèñ 150 ‰∏™ËßÜÈ¢ë ID
2026-03-18 21:51:58,230 - INFO - Â∑≤Ëé∑Âèñ 200 ‰∏™ËßÜÈ¢ë ID
2026-03-18 21:51:58,577 - INFO - Â∑≤Ëé∑Âèñ 250 ‰∏™ËßÜÈ¢ë ID
2026-03-18 21:51:58,874 - INFO - Â∑≤Ëé∑Âèñ 280 ‰∏™ËßÜÈ¢ë ID
2026-03-18 21:51:58,874 - INFO - Ê≠•È™§1ÂÆåÊàêÔºöÂÖ±Ëé∑Âèñ 280 ‰∏™ËßÜÈ¢ë ID
2026-03-18 21:51:58,874 - INFO - Ê≠•È™§2ÔºöÊâπÈáèËé∑ÂèñËßÜÈ¢ëÂÖÉÊï∞ÊçÆ...
2026-03-18 21:51:58,874 - INFO - Â§ÑÁêÜÊâπÊ¨° 1/6: 50 ‰∏™ËßÜÈ¢ë
2026-03-18 21:51:59,255 - INFO - Â§ÑÁêÜÊâπÊ¨° 2/6: 50 ‰∏™ËßÜÈ¢ë
2026-03-18 21:51:59,411 - INFO - Â§ÑÁêÜÊâπÊ¨° 3/6: 50 ‰∏™ËßÜÈ¢ë
2026-03-18 21:51:59,591 - INFO - Â§ÑÁêÜÊâπÊ¨° 4/6: 50 ‰∏™ËßÜÈ¢ë
2026-03-18 21:51:59,848 - INFO - Â§ÑÁêÜÊâπÊ¨° 5/6: 50 ‰∏™ËßÜÈ¢ë
2026-03-18 21:52:00,029 - INFO - Â§ÑÁêÜÊâπÊ¨° 6/6: 30 ‰∏™ËßÜÈ¢ë
2026-03-18 21:52:00,206 - INFO - Ê≠•È™§2ÂÆåÊàêÔºöÊàêÂäüËé∑Âèñ 280 ‰∏™ËßÜÈ¢ëÁöÑÂÆåÊï¥ÂÖÉÊï∞ÊçÆ
2026-03-18 21:52:00,210 - INFO - Êï∞ÊçÆÂ∑≤‰øùÂ≠òÂà∞ data/raw/raw_videos.json
2026-03-18 21:52:00,210 - INFO - Á®ãÂ∫èÂÆåÊàêÔºåÂÖ±ÊäìÂèñ 280 ‰∏™ËßÜÈ¢ë
